Charts/VennDiagram/134_VennDiagram.png	https://filebox.vt.edu/users/asimp08/Undergrad%2520Files/Math4644/pictures/venn.png
Charts/VennDiagram/134_VennDiagram.png	https://filebox.vt.edu/users/asimp08/Undergrad%2520Files/Math4644/pictures/venn.png
Charts/VennDiagram/134_VennDiagram.png	https://filebox.vt.edu/users/asimp08/Undergrad%2520Files/Math4644/pictures/venn.png
Charts/VennDiagram/134_VennDiagram.png	https://filebox.vt.edu/users/asimp08/Undergrad%2520Files/Math4644/pictures/venn.png
Charts/VennDiagram/134_VennDiagram.png	https://filebox.vt.edu/users/asimp08/Undergrad%2520Files/Math4644/pictures/venn.png
Charts/VennDiagram/134_VennDiagram.png	https://filebox.vt.edu/users/asimp08/Undergrad%2520Files/Math4644/pictures/venn.png
Charts/VennDiagram/134_VennDiagram.png	https://filebox.vt.edu/users/asimp08/Undergrad%2520Files/Math4644/pictures/venn.png
Charts/VennDiagram/134_VennDiagram.png	https://filebox.vt.edu/users/asimp08/Undergrad%2520Files/Math4644/pictures/venn.png
